error: deserialization of generic traits is not supported yet; use #[typetag::serialize] to generate serialization only
 --> tests/ui/deserialize-generic.rs:2:16
  |
2 | pub trait Trait<T> {}
  |                ^^^
